
megsh@DESKTOP-072N2JK MINGW64 ~ (main)
$ cd ~/desktop

megsh@DESKTOP-072N2JK MINGW64 ~/desktop (main)
$ mkdir git_challenge

megsh@DESKTOP-072N2JK MINGW64 ~/desktop (main)
$ cd git_challenge

megsh@DESKTOP-072N2JK MINGW64 ~/desktop/git_challenge (main)
$ git init
Initialized empty Git repository in C:/Users/megsh/Desktop/git_challenge/.git/

megsh@DESKTOP-072N2JK MINGW64 ~/desktop/git_challenge (main)
$ touch hello_world.txt

megsh@DESKTOP-072N2JK MINGW64 ~/desktop/git_challenge (main)
$ echo "Hello,world!" > hello_world.txt

megsh@DESKTOP-072N2JK MINGW64 ~/desktop/git_challenge (main)
$ git add hello_world.txt
warning: in the working copy of 'hello_world.txt', LF will be replaced by CRLF the next time Git touches it

megsh@DESKTOP-072N2JK MINGW64 ~/desktop/git_challenge (main)
$ git config --global core.autocrlf true

megsh@DESKTOP-072N2JK MINGW64 ~/desktop/git_challenge (main)
$ git commit -m "hello_world.txtを追加"
[main (root-commit) 39608bd] hello_world.txtを追加
 1 file changed, 1 insertion(+)
 create mode 100644 hello_world.txt

megsh@DESKTOP-072N2JK MINGW64 ~/desktop/git_challenge (main)
$ echo "こんにちは、世界！" > hello_world.txt

megsh@DESKTOP-072N2JK MINGW64 ~/desktop/git_challenge (main)
$ git add hello_world.txt
warning: in the working copy of 'hello_world.txt', LF will be replaced by CRLF the next time Git touches it

megsh@DESKTOP-072N2JK MINGW64 ~/desktop/git_challenge (main)
$ git config --global core.autocrlf true

megsh@DESKTOP-072N2JK MINGW64 ~/desktop/git_challenge (main)
$ git commit -m "日本語を追記"
[main 48857ad] 日本語を追記
 1 file changed, 1 insertion(+), 1 deletion(-)

megsh@DESKTOP-072N2JK MINGW64 ~/desktop/git_challenge (main)
$ git log --oneline
48857ad (HEAD -> main) 日本語を追記
39608bd hello_world.txtを追加
